Microchip MPLAB XC8 PIC(R) Assembler V2.40

Linker command line:

-W-3 \
  --edf=C:\Program Files\Microchip\xc8\v2.40\pic\dat\20220703182018_en.msgs \
  -cf -h+dist/default/production\MicroprocessorsLab.production.sym \
  --cmf=dist/default/production\MicroprocessorsLab.production.cmf -z \
  -Q18F87K22 -oC:\Users\va620\AppData\Local\Temp\xcAs1qo.4 \
  --fixupoverflow=error -ver=XC8 PIC(R) Assembler --fixupoverflow=lstwarn \
  -Moutput.map -E1 --acfsm=1493 -ACODE=00h-01FFFFh -ACONST=00h-01FFFFh \
  -ASMALLCONST=01000h-010FFhx496 \
  -AMEDIUMCONST=01000h-0FFFFh,011000h-01FFFFh -ACOMRAM=00h-05Fh \
  -AABS1=00h-0F15h -ABIGRAM=00h-0F15h \
  -ARAM=060h-0FFh,0100h-01FFhx14,0F00h-0F15h -ABANK0=060h-0FFh \
  -ABANK1=0100h-01FFh -ABANK2=0200h-02FFh -ABANK3=0300h-03FFh \
  -ABANK4=0400h-04FFh -ABANK5=0500h-05FFh -ABANK6=0600h-06FFh \
  -ABANK7=0700h-07FFh -ABANK8=0800h-08FFh -ABANK9=0900h-09FFh \
  -ABANK10=0A00h-0AFFh -ABANK11=0B00h-0BFFh -ABANK12=0C00h-0CFFh \
  -ABANK13=0D00h-0DFFh -ABANK14=0E00h-0EFFh -ABANK15=0F00h-0F15h \
  -ASFR=0F16h-0F5Fh,0F60h-0FFFh -ABIGSFR=0F16h-0FFFh \
  -AIDLOC=0200000h-0200007h -AEEDATA=0F00000h-0F003FFh \
  build/default/production/16x16multiplier.o \
  build/default/production/Display.o build/default/production/LCD.o \
  build/default/production/config.o build/default/production/delays.o \
  build/default/production/hex_to_decimal.o \
  build/default/production/keypad.o \
  build/default/production/lookup_tables.o build/default/production/main.o \
  build/default/production/timer_setup.o \
  build/default/production/w_to_usb.o build/default/production/updateTime.o \
  build/default/production/Alarm.o build/default/production/LCD_screen.o 

Object code version is 3.11

Machine type is 18F87K22



                Name                               Link     Load   Length Selector   Space Scale
build/default/production/16x16multiplier.o
                multiplier_code                   1C786    1C786       D2    1C786       0
                udata_acs                             0        0       10        0       1
                config                           300000   300000        E        0       4
build/default/production/Display.o
                display_code                      1E454    1E454     1BAC    1E454       0
                udata_acs                            37       37        1        0       1
build/default/production/LCD.o
                lcd_code                          1C858    1C858      120    1C858       0
                udata_acs                            23       23        5        0       1
build/default/production/config.o
                config                           300000   300000        E        0       4
build/default/production/delays.o
                delay_code                        1C59A    1C59A       38    1C59A       0
                udata_acs                            30       30        4        0       1
build/default/production/hex_to_decimal.o
                hex_to_decimal_code               1C5D2    1C5D2       70    1C5D2       0
                udata_acs                            2C       2C        4        0       1
build/default/production/keypad.o
                keypad_code                       1C978    1C978      1CA    1C978       0
                udata_acs                            17       17        7        0       1
build/default/production/lookup_tables.o
                table_code                        1CB42    1CB42     1912    1CB42       0
                udata_acs                            10       10        7        0       1
build/default/production/main.o
                code                                  0        0       4C        0       0
                udata_acs                            36       36        1        0       1
build/default/production/timer_setup.o
                timer_setup_code                  1C56C    1C56C       2E    1C56C       0
                udata_acs                            35       35        1        0       1
build/default/production/w_to_usb.o
                
build/default/production/updateTime.o
                update_time_code                  1C642    1C642       98    1C642       0
                udata_acs                            28       28        4        0       1
build/default/production/Alarm.o
                alarm_code                        1C544    1C544       28    1C544       0
                udata_acs                            1E       1E        5        0       1
build/default/production/LCD_screen.o
                LCD_screen_code                   1C6DA    1C6DA       AC    1C6DA       0
                data                              1C530    1C530       14     E298       0
                udata_bank4                         400      400       80      400       1
                udata_acs                            34       34        1        0       1

TOTAL           Name                               Link     Load   Length     Space
        CLASS   CODE           
                multiplier_code                   1C786    1C786       D2         0
                display_code                      1E454    1E454     1BAC         0
                lcd_code                          1C858    1C858      120         0
                delay_code                        1C59A    1C59A       38         0
                hex_to_decimal_code               1C5D2    1C5D2       70         0
                keypad_code                       1C978    1C978      1CA         0
                table_code                        1CB42    1CB42     1912         0
                code                                  0        0       4C         0
                timer_setup_code                  1C56C    1C56C       2E         0
                update_time_code                  1C642    1C642       98         0
                alarm_code                        1C544    1C544       28         0
                LCD_screen_code                   1C6DA    1C6DA       AC         0

        CLASS   CONST          
                data                              1C530    1C530       14         0

        CLASS   SMALLCONST     

        CLASS   MEDIUMCONST    

        CLASS   COMRAM         
                udata_acs                             0        0       10         1
                udata_acs                            37       37        1         1
                udata_acs                            23       23        5         1
                udata_acs                            30       30        4         1
                udata_acs                            2C       2C        4         1
                udata_acs                            17       17        7         1
                udata_acs                            10       10        7         1
                udata_acs                            36       36        1         1
                udata_acs                            35       35        1         1
                udata_acs                            28       28        4         1
                udata_acs                            1E       1E        5         1
                udata_acs                            34       34        1         1

        CLASS   ABS1           

        CLASS   BIGRAM         

        CLASS   RAM            

        CLASS   BANK0          

        CLASS   BANK1          

        CLASS   BANK2          

        CLASS   BANK3          

        CLASS   BANK4          
                udata_bank4                         400      400       80         1

        CLASS   BANK5          

        CLASS   BANK6          

        CLASS   BANK7          

        CLASS   BANK8          

        CLASS   BANK9          

        CLASS   BANK10         

        CLASS   BANK11         

        CLASS   BANK12         

        CLASS   BANK13         

        CLASS   BANK14         

        CLASS   BANK15         

        CLASS   SFR            

        CLASS   BIGSFR         

        CLASS   IDLOC          

        CLASS   EEDATA         

        CLASS   CONFIG         
                config                           300000   300000        E         4



SEGMENTS        Name                           Load    Length   Top    Selector   Space  Class

                udata_acs                      000000  000038  000038         0       1  COMRAM  
                udata_bank4                    000400  000080  000480       400       1  BANK4   
                data                           01C530  000014  01C544      E298       0  CONST   
                alarm_code                     01C544  000028  01C56C     1C544       0  CODE    
                timer_setup_code               01C56C  00002E  01C59A     1C56C       0  CODE    
                delay_code                     01C59A  000038  01C5D2     1C59A       0  CODE    
                hex_to_decimal_code            01C5D2  000070  01C642     1C5D2       0  CODE    
                update_time_code               01C642  000098  01C6DA     1C642       0  CODE    
                LCD_screen_code                01C6DA  0000AC  01C786     1C6DA       0  CODE    
                multiplier_code                01C786  0000D2  01C858     1C786       0  CODE    
                lcd_code                       01C858  000120  01C978     1C858       0  CODE    
                keypad_code                    01C978  0001CA  01CB42     1C978       0  CODE    
                table_code                     01CB42  001912  01E454     1CB42       0  CODE    
                display_code                   01E454  001BAC  020000     1E454       0  CODE    


UNUSED ADDRESS RANGES

        Name                Unused          Largest block    Delta
        BANK0            000060-0000FF               A0
        BANK1            000100-0001FF              100
        BANK10           000A00-000AFF              100
        BANK11           000B00-000BFF              100
        BANK12           000C00-000CFF              100
        BANK13           000D00-000DFF              100
        BANK14           000E00-000EFF              100
        BANK15           000F00-000F15               16
        BANK2            000200-0002FF              100
        BANK3            000300-0003FF              100
        BANK4            000480-0004FF               80
        BANK5            000500-0005FF              100
        BANK6            000600-0006FF              100
        BANK7            000700-0007FF              100
        BANK8            000800-0008FF              100
        BANK9            000900-0009FF              100
        BIGRAM           00004C-000F15              ECA
        BIGSFR           000F16-000FFF               EA
        CODE             00004C-01C52F            1C4E4
        COMRAM           000038-00005F               28
        CONST            00004C-01C52F            1C4E4
        EEDATA           F00000-F003FF              400
        IDLOC            200000-200007                8
        MEDIUMCONST      001000-00FFFF             F000
                         011000-01C52F             B530
        RAM              000060-0003FF              100
                         000480-000F15              100
        SFR              000F16-000FFF               4A
        SMALLCONST       001000-01C52F              100

                                  Symbol Table

LCD_1st_line           lcd_code            01C96A
LCD_2nd_line           lcd_code            01C95C
LCD_Send_Byte_D        lcd_code            01C8DC
LCD_Setup              lcd_code            01C858
LCD_Write_Message      lcd_code            01C8B2
LCD_clear              lcd_code            01C94E
LCD_show               LCD_screen_code     01C732
__HLCD_screen_code     LCD_screen_code     000000
__Halarm_code          alarm_code          000000
__Hcode                code                000000
__Hconfig              config              30000E
__Hdata                data                000000
__Hdelay_code          delay_code          000000
__Hdisplay_code        display_code        000000
__Hedata               edata               000000
__Hhex_to_decimal_code hex_to_decimal_code 000000
__Hkeypad_code         keypad_code         000000
__Hlcd_code            lcd_code            000000
__Hmultiplier_code     multiplier_code     000000
__Hspace_0             (abs)               020000
__Hspace_1             (abs)               000480
__Hspace_3             (abs)               000000
__Hspace_4             (abs)               60000E
__Htable_code          table_code          000000
__Htimer_setup_code    timer_setup_code    000000
__Hudata               udata               000000
__Hudata_acs           udata_acs           000000
__Hudata_bank0         udata_bank0         000000
__Hudata_bank1         udata_bank1         000000
__Hudata_bank10        udata_bank10        000000
__Hudata_bank11        udata_bank11        000000
__Hudata_bank12        udata_bank12        000000
__Hudata_bank13        udata_bank13        000000
__Hudata_bank14        udata_bank14        000000
__Hudata_bank15        udata_bank15        000000
__Hudata_bank2         udata_bank2         000000
__Hudata_bank3         udata_bank3         000000
__Hudata_bank4         udata_bank4         000000
__Hudata_bank5         udata_bank5         000000
__Hudata_bank6         udata_bank6         000000
__Hudata_bank7         udata_bank7         000000
__Hudata_bank8         udata_bank8         000000
__Hudata_bank9         udata_bank9         000000
__Hupdate_time_code    update_time_code    000000
__LLCD_screen_code     LCD_screen_code     000000
__Lalarm_code          alarm_code          000000
__Lcode                code                000000
__Lconfig              config              000000
__Ldata                data                000000
__Ldelay_code          delay_code          000000
__Ldisplay_code        display_code        000000
__Ledata               edata               000000
__Lhex_to_decimal_code hex_to_decimal_code 000000
__Lkeypad_code         keypad_code         000000
__Llcd_code            lcd_code            000000
__Lmultiplier_code     multiplier_code     000000
__Lspace_0             (abs)               000000
__Lspace_1             (abs)               000000
__Lspace_3             (abs)               000000
__Lspace_4             (abs)               000000
__Ltable_code          table_code          000000
__Ltimer_setup_code    timer_setup_code    000000
__Ludata               udata               000000
__Ludata_acs           udata_acs           000000
__Ludata_bank0         udata_bank0         000000
__Ludata_bank1         udata_bank1         000000
__Ludata_bank10        udata_bank10        000000
__Ludata_bank11        udata_bank11        000000
__Ludata_bank12        udata_bank12        000000
__Ludata_bank13        udata_bank13        000000
__Ludata_bank14        udata_bank14        000000
__Ludata_bank15        udata_bank15        000000
__Ludata_bank2         udata_bank2         000000
__Ludata_bank3         udata_bank3         000000
__Ludata_bank4         udata_bank4         000000
__Ludata_bank5         udata_bank5         000000
__Ludata_bank6         udata_bank6         000000
__Ludata_bank7         udata_bank7         000000
__Ludata_bank8         udata_bank8         000000
__Ludata_bank9         udata_bank9         000000
__Lupdate_time_code    update_time_code    000000
__S0                   (abs)               020000
__S1                   (abs)               000480
__S3                   (abs)               000000
address_1_1            udata_acs           00000C
address_1_2            udata_acs           00000D
address_1_3            udata_acs           00000E
address_1_high         udata_acs           000008
address_1_low          udata_acs           000009
address_2              udata_acs           00000F
address_2_high         udata_acs           00000A
address_2_low          udata_acs           00000B
alarm_hit              udata_acs           000022
alarm_hour             udata_acs           00001F
alarm_hour_number      udata_acs           000021
alarm_minute           udata_acs           00001E
alarm_set              udata_acs           000020
alarm_setup            alarm_code          01C544
alarm_table            table_code          01CDA8
check_alarm            alarm_code          01C550
clock_circle_1         table_code          01CB42
clock_circle_2         table_code          01CC40
clock_style_1          table_code          01CD3E
clock_style_2          table_code          01CD40
delay                  delay_code          01C59A
delay_long             delay_code          01C5A2
digit1                 udata_acs           00002C
digit2                 udata_acs           00002D
digit3                 udata_acs           00002E
digit4                 udata_acs           00002F
display                display_code        01E454
eight1                 udata_acs           000000
eight2                 udata_acs           000001
eight3                 udata_acs           000002
eight4                 udata_acs           000003
hand0                  table_code          01CEA6
hand1                  table_code          01CF02
hand10                 table_code          01D23E
hand11                 table_code          01D29A
hand12                 table_code          01D2F6
hand13                 table_code          01D352
hand14                 table_code          01D3AE
hand15                 table_code          01D40A
hand16                 table_code          01D466
hand17                 table_code          01D4C2
hand18                 table_code          01D51E
hand19                 table_code          01D57A
hand2                  table_code          01CF5E
hand20                 table_code          01D5D6
hand21                 table_code          01D632
hand22                 table_code          01D68E
hand23                 table_code          01D6EA
hand24                 table_code          01D746
hand25                 table_code          01D7A2
hand26                 table_code          01D7FE
hand27                 table_code          01D85A
hand28                 table_code          01D8B6
hand29                 table_code          01D912
hand3                  table_code          01CFBA
hand30                 table_code          01D96E
hand31                 table_code          01D9CA
hand32                 table_code          01DA26
hand33                 table_code          01DA82
hand34                 table_code          01DADE
hand35                 table_code          01DB3A
hand36                 table_code          01DB96
hand37                 table_code          01DBF2
hand38                 table_code          01DC4E
hand39                 table_code          01DCAA
hand4                  table_code          01D016
hand40                 table_code          01DD06
hand41                 table_code          01DD62
hand42                 table_code          01DDBE
hand43                 table_code          01DE1A
hand44                 table_code          01DE76
hand45                 table_code          01DED2
hand46                 table_code          01DF2E
hand47                 table_code          01DF8A
hand48                 table_code          01DFE6
hand49                 table_code          01E042
hand5                  table_code          01D072
hand50                 table_code          01E09E
hand51                 table_code          01E0FA
hand52                 table_code          01E156
hand53                 table_code          01E1B2
hand54                 table_code          01E20E
hand55                 table_code          01E26A
hand56                 table_code          01E2C6
hand57                 table_code          01E322
hand58                 table_code          01E37E
hand59                 table_code          01E3DA
hand6                  table_code          01D0CE
hand7                  table_code          01D12A
hand8                  table_code          01D186
hand9                  table_code          01D1E2
hex_to_dec             hex_to_decimal_code 01C5D2
hour                   udata_acs           00002A
hour_number            udata_acs           00002B
initialize_time        update_time_code    01C642
isa$std                (abs)               000001
isa$xinst              (abs)               000000
keypad_check           keypad_code         01C9A8
keypad_run             keypad_code         01C978
len_hour               udata_acs           000013
len_minute             udata_acs           000014
len_second             udata_acs           000015
len_style_1            udata_acs           000010
len_style_2            udata_acs           000011
len_style_3            udata_acs           000012
lengths_setup          table_code          01E436
minute                 udata_acs           000029
multiplier16x16        multiplier_code     01C786
multiplier24x8         multiplier_code     01C800
second                 udata_acs           000028
sound_alarm            display_code        01E478
start                  code                00003C
style_number           udata_acs           000016
timer_interrupt        timer_setup_code    01C56C
timer_setup            timer_setup_code    01C58C
update_hand_value      udata_acs           000036
update_hour            update_time_code    01C6BE
update_hour_number     update_time_code    01C6CC
update_time            update_time_code    01C64C
